A51 MACRO ASSEMBLER  ADD                                                                  04/10/2025 16:48:01 PAGE     1


MACRO ASSEMBLER A51 V8.2.7.0
OBJECT MODULE PLACED IN .\Objects\add.obj
ASSEMBLER INVOKED BY: C:\Keil_v5\C51\BIN\A51.EXE add.a51 SET(SMALL) DEBUG PRINT(.\Listings\add.lst) OBJECT(.\Objects\add
                      .obj) EP

LOC  OBJ            LINE     SOURCE

                       1     PUBLIC addition
----                   2     CSEG AT 100H
                       3     
0100                   4     addition: 
0100 E541              5     MOV A, 41H
0102 2542              6     ADD A, 42H
0104 F543              7     MOV 43H, A
0106 22                8     RET
                       9     
                      10     END
A51 MACRO ASSEMBLER  ADD                                                                  04/10/2025 16:48:01 PAGE     2

SYMBOL TABLE LISTING
------ ----- -------


N A M E             T Y P E  V A L U E   ATTRIBUTES

ADDITION . . . . .  C ADDR   0100H   A   


REGISTER BANK(S) USED: 0 


ASSEMBLY COMPLETE.  0 WARNING(S), 0 ERROR(S)
